
Memory Configuration

Name             Origin             Length             Attributes
vexriscv_debug   0x00000000f00f0000 0x0000000000000100
dff              0x0000000000000000 0x0000000000000400
dff2             0x0000000000000400 0x0000000000000200
flash            0x0000000010000000 0x0000000001000000
mprj             0x0000000030000000 0x0000000000100000
mprjram          0x0000000038000000 0x0000000000400000
hk               0x0000000026000000 0x0000000000100000
csr              0x00000000f0000000 0x0000000000010000
*default*        0x0000000000000000 0xffffffffffffffff

Linker script and memory map

                0x0000000000000000                __DYNAMIC = 0x0

.text           0x0000000010000000      0x7e4
                0x0000000010000000                _ftext = .
 *crt0*(.text)
 .text          0x0000000010000000      0x144 counter_la_fir.elf-crt0_vex.o
                0x0000000010000000                _start
                0x0000000010000020                trap_entry
 *crt0*(.text)
 *(.text.isr)
                0x0000000010000144                _etext = .
 .text          0x0000000010000144       0xb4 counter_la_fir.elf-isr.o
                0x00000000100001a4                isr
 .text          0x00000000100001f8       0x38 counter_la_fir.elf-fir.o
 .text          0x0000000010000230      0x5b4 counter_la_fir.elf-counter_la_fir.o
                0x0000000010000268                putchar
                0x00000000100002d0                print
                0x0000000010000324                main

.rela.dyn       0x00000000100007e4        0x0
 .rela.text     0x00000000100007e4        0x0 counter_la_fir.elf-crt0_vex.o

.rodata         0x00000000100007e4        0x4
                0x00000000100007e8                . = ALIGN (0x8)
 *fill*         0x00000000100007e4        0x4 
                0x00000000100007e8                _frodata = .
 *(.rodata .rodata.* .gnu.linkonce.r.*)
 *(.rodata1)
                0x00000000100007e8                . = ALIGN (0x8)
                0x00000000100007e8                _erodata = .

.data           0x0000000000000000      0x130 load address 0x00000000100007e8
                0x0000000000000000                . = ALIGN (0x8)
                0x0000000000000000                _fdata = .
 *(.data .data.* .gnu.linkonce.d.*)
 .data          0x0000000000000000        0x0 counter_la_fir.elf-crt0_vex.o
 .data          0x0000000000000000        0x0 counter_la_fir.elf-isr.o
 .data          0x0000000000000000      0x12c counter_la_fir.elf-fir.o
                0x0000000000000000                taps
                0x000000000000002c                expect
 .data          0x000000000000012c        0x0 counter_la_fir.elf-counter_la_fir.o
 *(.data1)
                0x0000000000000130                _gp = ALIGN (0x10)
 *(.sdata .sdata.* .gnu.linkonce.s.*)
                0x0000000000000130                . = ALIGN (0x8)
 *fill*         0x000000000000012c        0x4 
                0x0000000000000130                _edata = .

.bss            0x0000000000000130      0x230 load address 0x0000000010000918
                0x0000000000000130                . = ALIGN (0x8)
                0x0000000000000130                _fbss = .
 *(.dynsbss)
 *(.sbss .sbss.* .gnu.linkonce.sb.*)
 .sbss          0x0000000000000130        0x2 counter_la_fir.elf-isr.o
                0x0000000000000130                flag
 *(.scommon)
 *(.dynbss)
 *(.bss .bss.* .gnu.linkonce.b.*)
 .bss           0x0000000000000132        0x0 counter_la_fir.elf-crt0_vex.o
 .bss           0x0000000000000132        0x0 counter_la_fir.elf-isr.o
 *fill*         0x0000000000000132        0x2 
 .bss           0x0000000000000134      0x22c counter_la_fir.elf-fir.o
                0x0000000000000134                inputbuffer
                0x0000000000000160                x
                0x0000000000000260                y
 .bss           0x0000000000000360        0x0 counter_la_fir.elf-counter_la_fir.o
 *(COMMON)
                0x0000000000000360                . = ALIGN (0x8)
                0x0000000000000360                _ebss = .
                0x0000000000000360                _end = .

.mprjram        0x0000000038000000      0x1b0 load address 0x0000000010000918
                0x0000000038000000                . = ALIGN (0x8)
                0x0000000038000000                _fsram = .
 *libgcc.a:*(.text .text.*)
 .mprjram       0x0000000038000000      0x1b0 counter_la_fir.elf-fir.o
                0x0000000038000000                initfir
                0x0000000038000184                fir
                0x0000000000000600                PROVIDE (_fstack = (ORIGIN (dff2) + LENGTH (dff2)))
                0x00000000100007e8                PROVIDE (_fdata_rom = LOADADDR (.data))
                [!provide]                        PROVIDE (_edata_rom = (LOADADDR (.data) + SIZEOF (.data)))
                0x00000000380001b0                PROVIDE (_esram = (ORIGIN (mprjram) + SIZEOF (.mprjram)))
                0x0000000010000918                PROVIDE (_esram_rom = LOADADDR (.mprjram))
LOAD counter_la_fir.elf-crt0_vex.o
LOAD counter_la_fir.elf-isr.o
LOAD counter_la_fir.elf-fir.o
LOAD counter_la_fir.elf-counter_la_fir.o
LOAD /opt/riscv/lib/gcc/riscv32-unknown-elf/12.1.0/libgcc.a
START GROUP
LOAD /opt/riscv/lib/gcc/riscv32-unknown-elf/12.1.0/../../../../riscv32-unknown-elf/lib/libc.a
LOAD /opt/riscv/lib/gcc/riscv32-unknown-elf/12.1.0/../../../../riscv32-unknown-elf/lib/libgloss.a
END GROUP
LOAD /opt/riscv/lib/gcc/riscv32-unknown-elf/12.1.0/libgcc.a
OUTPUT(counter_la_fir.elf elf32-littleriscv)

.riscv.attributes
                0x0000000000000000       0x20
 .riscv.attributes
                0x0000000000000000       0x1e counter_la_fir.elf-crt0_vex.o
 .riscv.attributes
                0x000000000000001e       0x20 counter_la_fir.elf-isr.o
 .riscv.attributes
                0x000000000000003e       0x1c counter_la_fir.elf-fir.o
 .riscv.attributes
                0x000000000000005a       0x1c counter_la_fir.elf-counter_la_fir.o

.comment        0x0000000000000000       0x1b
 .comment       0x0000000000000000       0x1b counter_la_fir.elf-isr.o
                                         0x1c (size before relaxing)
 .comment       0x000000000000001b       0x1c counter_la_fir.elf-fir.o
 .comment       0x000000000000001b       0x1c counter_la_fir.elf-counter_la_fir.o

.debug_line     0x0000000000000000      0xaaf
 .debug_line    0x0000000000000000      0x204 counter_la_fir.elf-crt0_vex.o
 .debug_line    0x0000000000000204       0xd1 counter_la_fir.elf-isr.o
 .debug_line    0x00000000000002d5      0x213 counter_la_fir.elf-fir.o
 .debug_line    0x00000000000004e8      0x5c7 counter_la_fir.elf-counter_la_fir.o

.debug_line_str
                0x0000000000000000       0xf3
 .debug_line_str
                0x0000000000000000       0x6a counter_la_fir.elf-crt0_vex.o
 .debug_line_str
                0x000000000000006a       0x6b counter_la_fir.elf-isr.o
                                        0x126 (size before relaxing)
 .debug_line_str
                0x00000000000000d5        0x6 counter_la_fir.elf-fir.o
                                        0x113 (size before relaxing)
 .debug_line_str
                0x00000000000000db       0x18 counter_la_fir.elf-counter_la_fir.o
                                        0x135 (size before relaxing)

.debug_info     0x0000000000000000      0x3ad
 .debug_info    0x0000000000000000       0x25 counter_la_fir.elf-crt0_vex.o
 .debug_info    0x0000000000000025       0xed counter_la_fir.elf-isr.o
 .debug_info    0x0000000000000112      0x168 counter_la_fir.elf-fir.o
 .debug_info    0x000000000000027a      0x133 counter_la_fir.elf-counter_la_fir.o

.debug_abbrev   0x0000000000000000      0x291
 .debug_abbrev  0x0000000000000000       0x14 counter_la_fir.elf-crt0_vex.o
 .debug_abbrev  0x0000000000000014       0xa9 counter_la_fir.elf-isr.o
 .debug_abbrev  0x00000000000000bd       0xef counter_la_fir.elf-fir.o
 .debug_abbrev  0x00000000000001ac       0xe5 counter_la_fir.elf-counter_la_fir.o

.debug_aranges  0x0000000000000000       0x90
 .debug_aranges
                0x0000000000000000       0x20 counter_la_fir.elf-crt0_vex.o
 .debug_aranges
                0x0000000000000020       0x20 counter_la_fir.elf-isr.o
 .debug_aranges
                0x0000000000000040       0x30 counter_la_fir.elf-fir.o
 .debug_aranges
                0x0000000000000070       0x20 counter_la_fir.elf-counter_la_fir.o

.debug_str      0x0000000000000000      0x195
 .debug_str     0x0000000000000000       0x76 counter_la_fir.elf-crt0_vex.o
 .debug_str     0x0000000000000076       0xec counter_la_fir.elf-isr.o
                                        0x125 (size before relaxing)
 .debug_str     0x0000000000000162       0x20 counter_la_fir.elf-fir.o
                                        0x126 (size before relaxing)
 .debug_str     0x0000000000000182       0x13 counter_la_fir.elf-counter_la_fir.o
                                        0x11e (size before relaxing)

.debug_frame    0x0000000000000000      0x218
 .debug_frame   0x0000000000000000       0xa4 counter_la_fir.elf-isr.o
 .debug_frame   0x00000000000000a4       0xa4 counter_la_fir.elf-fir.o
 .debug_frame   0x0000000000000148       0xd0 counter_la_fir.elf-counter_la_fir.o

.debug_rnglists
                0x0000000000000000       0x28
 .debug_rnglists
                0x0000000000000000       0x28 counter_la_fir.elf-fir.o
